---
source: tui/src/app/tests/disconnect_tests.rs
assertion_line: 164
expression: draft
---
queued before disconnectcopied text copied text copied text copied text
▌ copied text copied text copied text copied text copied text copied text
▌ copied text copied text copied text copied text copied text copied text
▌ copied text copied text copied text copied text copied text copied text
▌ copied text copied text copied text copied text copied text copied text
▌ copied text copied text copied text copied text copied text copied text
▌ copied text copied text copied text copied text copied text copied text
▌ copied text copied text copied text copied text copied text copied text
▌ copied text copied text copied text copied text copied text copied text
▌ copied text copied text copied text copied text copied text copied text
▌ copied text copied text copied text copied text copied text copied text
▌ copied text copied text copied text copied text copied text copied text
▌ copied text copied text copied text copied text copied text copied text
▌ copied text copied text copied text copied text copied text copied text
▌ copied text copied text copied text copied text copied text copied text
▌ copied text copied text copied text copied text
▌
  gpt-test default · /tmp/project
