---
source: tui/src/bottom_pane/chat_composer.rs
assertion_line: 9332
expression: terminal.backend()
---
"▌                                                                                                   "
"▌ short                                                                                             "
"▌                                                                                                   "
"▌                                                                                                   "
"▌                                                                                                   "
"▌                                                                                                   "
"▌                                                                                                   "
"▌                                                                                                   "
"▌                                                                                                   "
"                                                                                 100% context left  "
